// Jest Snapshot v1, https://goo.gl/fbAQLP

exports[`GeneralInfos render correctly with all checkpoints valid 1`] = `
<Card
  style={
    Object {
      "flexGrow": 0,
      "marginTop": 0,
      "position": "relative",
    }
  }
>
  <DarkHeader>
    <h1
      className="Left-GeneralInfos-Title"
    >
      Dossier N°
    </h1>
    <h2>
      Operation N°
      23234234
    </h2>
    <h2>
      BAR-TH-113
    </h2>
  </DarkHeader>
  <Status />
  <div
    className="content"
  />
  <div
    className="Left-GeneralInfos-Pictos"
  >
    <div
      className="Left-GeneralInfos-Picto tooltip is-tooltip-bottom"
      data-tooltip="Rejets"
    >
      <i
        className="fas fa-exclamation-triangle"
        style={
          Object {
            "color": "#FF6C60",
          }
        }
      />
      <p
        style={
          Object {
            "color": "#89817f",
          }
        }
      >
        0/4
      </p>
    </div>
    <div
      className="Left-GeneralInfos-Picto tooltip is-tooltip-bottom"
      data-tooltip="Litiges"
    >
      <i
        className="fas fa-exclamation-triangle"
        style={
          Object {
            "color": "#FCB322",
          }
        }
      />
      <p
        style={
          Object {
            "color": "#89817f",
          }
        }
      >
        0/4
      </p>
    </div>
    <div
      className="Left-GeneralInfos-Picto tooltip is-tooltip-bottom"
      data-tooltip="Non traités"
    >
      <i
        className="fas fa-circle"
        style={
          Object {
            "color": "#bcb3aa",
          }
        }
      />
      <p
        style={
          Object {
            "color": "#89817f",
          }
        }
      >
        0/4
      </p>
    </div>
    <div
      className="Left-GeneralInfos-Picto tooltip is-tooltip-bottom"
      data-tooltip="Validés"
    >
      <i
        className="fas fa-check-circle"
        style={
          Object {
            "color": "#A9D86E",
          }
        }
      />
      <p
        style={
          Object {
            "color": "#89817f",
          }
        }
      >
        4/4
      </p>
    </div>
  </div>
</Card>
`;

exports[`GeneralInfos render correctly with litige checkpoints 1`] = `
<Card
  style={
    Object {
      "flexGrow": 0,
      "marginTop": 0,
      "position": "relative",
    }
  }
>
  <DarkHeader>
    <h1
      className="Left-GeneralInfos-Title"
    >
      Dossier N°
    </h1>
    <h2>
      Operation N°
      23234234
    </h2>
    <h2>
      BAR-TH-113
    </h2>
  </DarkHeader>
  <Status />
  <div
    className="content"
  />
  <div
    className="Left-GeneralInfos-Pictos"
  >
    <div
      className="Left-GeneralInfos-Picto tooltip is-tooltip-bottom"
      data-tooltip="Rejets"
    >
      <i
        className="fas fa-exclamation-triangle"
        style={
          Object {
            "color": "#FF6C60",
          }
        }
      />
      <p
        style={
          Object {
            "color": "#89817f",
          }
        }
      >
        1/5
      </p>
    </div>
    <div
      className="Left-GeneralInfos-Picto tooltip is-tooltip-bottom"
      data-tooltip="Litiges"
    >
      <i
        className="fas fa-exclamation-triangle"
        style={
          Object {
            "color": "#FCB322",
          }
        }
      />
      <p
        style={
          Object {
            "color": "#89817f",
          }
        }
      >
        0/5
      </p>
    </div>
    <div
      className="Left-GeneralInfos-Picto tooltip is-tooltip-bottom"
      data-tooltip="Non traités"
    >
      <i
        className="fas fa-circle"
        style={
          Object {
            "color": "#bcb3aa",
          }
        }
      />
      <p
        style={
          Object {
            "color": "#89817f",
          }
        }
      >
        0/5
      </p>
    </div>
    <div
      className="Left-GeneralInfos-Picto tooltip is-tooltip-bottom"
      data-tooltip="Validés"
    >
      <i
        className="fas fa-check-circle"
        style={
          Object {
            "color": "#A9D86E",
          }
        }
      />
      <p
        style={
          Object {
            "color": "#89817f",
          }
        }
      >
        4/5
      </p>
    </div>
  </div>
</Card>
`;

exports[`GeneralInfos render correctly with rejected checkpoints 1`] = `
<Card
  style={
    Object {
      "flexGrow": 0,
      "marginTop": 0,
      "position": "relative",
    }
  }
>
  <DarkHeader>
    <h1
      className="Left-GeneralInfos-Title"
    >
      Dossier N°
    </h1>
    <h2>
      Operation N°
      23234234
    </h2>
    <h2>
      BAR-TH-113
    </h2>
  </DarkHeader>
  <Status />
  <div
    className="content"
  />
  <div
    className="Left-GeneralInfos-Pictos"
  >
    <div
      className="Left-GeneralInfos-Picto tooltip is-tooltip-bottom"
      data-tooltip="Rejets"
    >
      <i
        className="fas fa-exclamation-triangle"
        style={
          Object {
            "color": "#FF6C60",
          }
        }
      />
      <p
        style={
          Object {
            "color": "#89817f",
          }
        }
      >
        0/5
      </p>
    </div>
    <div
      className="Left-GeneralInfos-Picto tooltip is-tooltip-bottom"
      data-tooltip="Litiges"
    >
      <i
        className="fas fa-exclamation-triangle"
        style={
          Object {
            "color": "#FCB322",
          }
        }
      />
      <p
        style={
          Object {
            "color": "#89817f",
          }
        }
      >
        1/5
      </p>
    </div>
    <div
      className="Left-GeneralInfos-Picto tooltip is-tooltip-bottom"
      data-tooltip="Non traités"
    >
      <i
        className="fas fa-circle"
        style={
          Object {
            "color": "#bcb3aa",
          }
        }
      />
      <p
        style={
          Object {
            "color": "#89817f",
          }
        }
      >
        0/5
      </p>
    </div>
    <div
      className="Left-GeneralInfos-Picto tooltip is-tooltip-bottom"
      data-tooltip="Validés"
    >
      <i
        className="fas fa-check-circle"
        style={
          Object {
            "color": "#A9D86E",
          }
        }
      />
      <p
        style={
          Object {
            "color": "#89817f",
          }
        }
      >
        4/5
      </p>
    </div>
  </div>
</Card>
`;

exports[`GeneralInfos render correctly with untraited checkpoints 1`] = `
<Card
  style={
    Object {
      "flexGrow": 0,
      "marginTop": 0,
      "position": "relative",
    }
  }
>
  <DarkHeader>
    <h1
      className="Left-GeneralInfos-Title"
    >
      Dossier N°
    </h1>
    <h2>
      Operation N°
      23234234
    </h2>
    <h2>
      BAR-TH-113
    </h2>
  </DarkHeader>
  <Status />
  <div
    className="content"
  />
  <div
    className="Left-GeneralInfos-Pictos"
  >
    <div
      className="Left-GeneralInfos-Picto tooltip is-tooltip-bottom"
      data-tooltip="Rejets"
    >
      <i
        className="fas fa-exclamation-triangle"
        style={
          Object {
            "color": "#FF6C60",
          }
        }
      />
      <p
        style={
          Object {
            "color": "#89817f",
          }
        }
      >
        0/5
      </p>
    </div>
    <div
      className="Left-GeneralInfos-Picto tooltip is-tooltip-bottom"
      data-tooltip="Litiges"
    >
      <i
        className="fas fa-exclamation-triangle"
        style={
          Object {
            "color": "#FCB322",
          }
        }
      />
      <p
        style={
          Object {
            "color": "#89817f",
          }
        }
      >
        0/5
      </p>
    </div>
    <div
      className="Left-GeneralInfos-Picto tooltip is-tooltip-bottom"
      data-tooltip="Non traités"
    >
      <i
        className="fas fa-circle"
        style={
          Object {
            "color": "#bcb3aa",
          }
        }
      />
      <p
        style={
          Object {
            "color": "#89817f",
          }
        }
      >
        1/5
      </p>
    </div>
    <div
      className="Left-GeneralInfos-Picto tooltip is-tooltip-bottom"
      data-tooltip="Validés"
    >
      <i
        className="fas fa-check-circle"
        style={
          Object {
            "color": "#A9D86E",
          }
        }
      />
      <p
        style={
          Object {
            "color": "#89817f",
          }
        }
      >
        4/5
      </p>
    </div>
  </div>
</Card>
`;
